// Jest Snapshot v1, https://goo.gl/fbAQLP

exports[`Header renders without crashing 1`] = `
<Bootstrap(undefined)
  bg="dark"
>
  <NavbarBrand
    href="#"
  >
    <img
      alt="Logo"
      height="30"
      src="logo-placeholder.png"
    />
  </NavbarBrand>
</Bootstrap(undefined)>
`;
