// Jest Snapshot v1, https://goo.gl/fbAQLP

exports[`GameDataComponentConnected renders without crashing 1`] = `<div />`;
