// Jest Snapshot v1, https://goo.gl/fbAQLP

exports[`App renders without crashing with props 1`] = `
<Provider
  store={
    Object {
      "dispatch": [Function],
      "getState": [Function],
      "replaceReducer": [Function],
      "subscribe": [Function],
      Symbol(observable): [Function],
    }
  }
>
  <Layout>
    <Connect(ConnectedForm) />
    <Connect(ConnectedInfoSection) />
  </Layout>
</Provider>
`;

exports[`App renders without crashing without props 1`] = `
<Provider
  store={
    Object {
      "dispatch": [Function],
      "getState": [Function],
      "replaceReducer": [Function],
      "subscribe": [Function],
      Symbol(observable): [Function],
    }
  }
>
  <Layout>
    <Connect(ConnectedForm) />
    <Connect(ConnectedInfoSection) />
  </Layout>
</Provider>
`;
